2024-12-26 12:12:03,728 INFO {
    "attn_type": "kep_svgp",
    "backbone": "mlp",
    "batch_size": 128,
    "beta1": 0.9,
    "beta2": 0.999,
    "concate": true,
    "corruption_dir": "./data",
    "dataset": "cifar10",
    "depth": 7,
    "eta_kl": 1.0,
    "eta_ksvd": 10.0,
    "gpu": "1",
    "hdim": 384,
    "ksvd_layers": 7,
    "low_rank": 10,
    "lr": 0.001,
    "min_lr": 1e-05,
    "model": "diffusion",
    "nb_cls": 10,
    "nb_epochs": 300,
    "nb_run": 1,
    "nb_worker": 4,
    "num_heads": 12,
    "pretrained_dir": "../experiments/CIFAR10_out/vit_out_cat",
    "rank_multi": 10,
    "save_dir": "../experiments/CIFAR10_out/diffusion_trash",
    "seed": 0,
    "stage": 1,
    "subcommand": "Cifar10",
    "test_dir": "../data/CIFAR10/test",
    "train_dir": "../data/CIFAR10/train",
    "val_dir": "../data/CIFAR10/val",
    "wandb_key": "6cf7b84d1bd52c9eb1e5eade43f583a8059231f2",
    "warmup_epoch": 5,
    "weight_decay": 5e-05
}
2024-12-26 12:12:03,890 INFO ####################################################################################################
1 / 1 Running
2024-12-26 12:12:03,895 INFO Using diffusion ...
2024-12-26 12:12:08,773 INFO Using q_distribution ...
2024-12-26 12:12:08,822 INFO ####### --- Training Epoch 0 --- #######
2024-12-26 12:12:34,152 INFO Epoch 0 	 Batch 99	LR : 0.00000	Tot. Loss: 4.98
2024-12-26 12:12:59,400 INFO Epoch 0 	 Batch 199	LR : 0.00000	Tot. Loss: 4.98
2024-12-26 12:13:24,897 INFO Epoch 0 	 Batch 299	LR : 0.00000	Tot. Loss: 4.98
2024-12-26 12:13:40,621 INFO ################## 
 ---> Validation Epoch 0	Acc.: 10.000	FPR: 82.089	AUROC: 71.277	AUPR: 95.198	AURC: 822.185	EAURC: 152.444	AUPR Succ.: 24.282	ECE: 87.904	NLL: 131.127	Brier: 175.788
2024-12-26 12:13:40,622 INFO Accuracy improved from 0.00 to 10.00!!!
2024-12-26 12:13:40,626 INFO AUROC improved from 0.00 to 71.28!!!
2024-12-26 12:13:40,630 INFO AURC decreased from 1000000.00 to 822.19!!!
2024-12-26 12:13:40,634 INFO ####### --- Training Epoch 1 --- #######
2024-12-26 12:14:06,241 INFO Epoch 1 	 Batch 99	LR : 0.00020	Tot. Loss: 1.59
2024-12-26 12:14:18,055 INFO {
    "attn_type": "kep_svgp",
    "backbone": "mlp",
    "batch_size": 128,
    "beta1": 0.9,
    "beta2": 0.999,
    "concate": true,
    "corruption_dir": "./data",
    "dataset": "cifar10",
    "depth": 7,
    "eta_kl": 1.0,
    "eta_ksvd": 10.0,
    "gpu": "1",
    "hdim": 384,
    "ksvd_layers": 7,
    "low_rank": 10,
    "lr": 0.001,
    "min_lr": 1e-05,
    "model": "diffusion",
    "nb_cls": 10,
    "nb_epochs": 300,
    "nb_run": 1,
    "nb_worker": 4,
    "num_heads": 12,
    "pretrained_dir": "../experiments/CIFAR10_out/vit_out_cat",
    "rank_multi": 10,
    "save_dir": "../experiments/CIFAR10_out/diffusion_trash",
    "seed": 0,
    "stage": 1,
    "subcommand": "Cifar10",
    "test_dir": "../data/CIFAR10/test",
    "train_dir": "../data/CIFAR10/train",
    "val_dir": "../data/CIFAR10/val",
    "wandb_key": "6cf7b84d1bd52c9eb1e5eade43f583a8059231f2",
    "warmup_epoch": 5,
    "weight_decay": 5e-05
}
2024-12-26 12:14:18,211 INFO ####################################################################################################
1 / 1 Running
2024-12-26 12:14:18,216 INFO Using diffusion ...
2024-12-26 12:14:23,180 INFO Using q_distribution ...
2024-12-26 12:14:23,341 INFO ####### --- Training Epoch 0 --- #######
2024-12-26 12:21:16,940 INFO {
    "attn_type": "kep_svgp",
    "backbone": "mlp",
    "batch_size": 128,
    "beta1": 0.9,
    "beta2": 0.999,
    "concate": true,
    "corruption_dir": "./data",
    "dataset": "cifar10",
    "depth": 7,
    "eta_kl": 1.0,
    "eta_ksvd": 10.0,
    "gpu": "1",
    "hdim": 384,
    "ksvd_layers": 7,
    "low_rank": 10,
    "lr": 0.001,
    "min_lr": 1e-05,
    "model": "diffusion",
    "nb_cls": 10,
    "nb_epochs": 300,
    "nb_run": 1,
    "nb_worker": 4,
    "num_heads": 12,
    "pretrained_dir": "../experiments/CIFAR10_out/vit_out_cat",
    "rank_multi": 10,
    "save_dir": "../experiments/CIFAR10_out/diffusion_trash",
    "seed": 0,
    "stage": 1,
    "subcommand": "Cifar10",
    "test_dir": "../data/CIFAR10/test",
    "train_dir": "../data/CIFAR10/train",
    "val_dir": "../data/CIFAR10/val",
    "wandb_key": "6cf7b84d1bd52c9eb1e5eade43f583a8059231f2",
    "warmup_epoch": 5,
    "weight_decay": 5e-05
}
2024-12-26 12:21:17,095 INFO ####################################################################################################
1 / 1 Running
2024-12-26 12:21:17,104 INFO Using diffusion ...
2024-12-26 12:21:22,020 INFO Using q_distribution ...
2024-12-26 12:21:22,097 INFO ####### --- Training Epoch 0 --- #######
2024-12-26 12:21:25,240 INFO ################## 
 ---> Validation Epoch 0	Acc.: 16.420	FPR: 91.122	AUROC: 62.060	AUPR: 87.798	AURC: 767.596	EAURC: 228.451	AUPR Succ.: 26.299	ECE: 61.522	NLL: 99.081	Brier: 138.276
2024-12-26 12:21:25,240 INFO Accuracy improved from 0.00 to 16.42!!!
2024-12-26 12:21:25,249 INFO AUROC improved from 0.00 to 62.06!!!
2024-12-26 12:21:25,256 INFO AURC decreased from 1000000.00 to 767.60!!!
2024-12-26 12:21:25,263 INFO ####### --- Training Epoch 1 --- #######
2024-12-26 12:21:39,165 INFO {
    "attn_type": "kep_svgp",
    "backbone": "mlp",
    "batch_size": 128,
    "beta1": 0.9,
    "beta2": 0.999,
    "concate": true,
    "corruption_dir": "./data",
    "dataset": "cifar10",
    "depth": 7,
    "eta_kl": 1.0,
    "eta_ksvd": 10.0,
    "gpu": "1",
    "hdim": 384,
    "ksvd_layers": 7,
    "low_rank": 10,
    "lr": 0.001,
    "min_lr": 1e-05,
    "model": "diffusion",
    "nb_cls": 10,
    "nb_epochs": 300,
    "nb_run": 1,
    "nb_worker": 4,
    "num_heads": 12,
    "pretrained_dir": "../experiments/CIFAR10_out/vit_out_cat",
    "rank_multi": 10,
    "save_dir": "../experiments/CIFAR10_out/diffusion_trash",
    "seed": 0,
    "stage": 1,
    "subcommand": "Cifar10",
    "test_dir": "../data/CIFAR10/test",
    "train_dir": "../data/CIFAR10/train",
    "val_dir": "../data/CIFAR10/val",
    "wandb_key": "6cf7b84d1bd52c9eb1e5eade43f583a8059231f2",
    "warmup_epoch": 5,
    "weight_decay": 5e-05
}
2024-12-26 12:21:39,321 INFO ####################################################################################################
1 / 1 Running
2024-12-26 12:21:39,330 INFO Using diffusion ...
2024-12-26 12:21:44,378 INFO Using q_distribution ...
2024-12-26 12:21:44,545 INFO ####### --- Training Epoch 0 --- #######
2024-12-26 12:21:47,714 INFO ################## 
 ---> Validation Epoch 0	Acc.: 16.420	FPR: 91.122	AUROC: 62.060	AUPR: 87.798	AURC: 767.596	EAURC: 228.451	AUPR Succ.: 26.299	ECE: 61.522	NLL: 99.081	Brier: 138.276
2024-12-26 12:21:47,715 INFO Accuracy improved from 0.00 to 16.42!!!
2024-12-26 12:21:47,723 INFO AUROC improved from 0.00 to 62.06!!!
2024-12-26 12:21:47,730 INFO AURC decreased from 1000000.00 to 767.60!!!
2024-12-26 12:21:47,811 INFO ####### --- Training Epoch 1 --- #######
2024-12-26 12:22:40,656 INFO {
    "attn_type": "kep_svgp",
    "backbone": "mlp",
    "batch_size": 128,
    "beta1": 0.9,
    "beta2": 0.999,
    "concate": true,
    "corruption_dir": "./data",
    "dataset": "cifar10",
    "depth": 7,
    "eta_kl": 1.0,
    "eta_ksvd": 10.0,
    "gpu": "1",
    "hdim": 384,
    "ksvd_layers": 7,
    "low_rank": 10,
    "lr": 0.001,
    "min_lr": 1e-05,
    "model": "diffusion",
    "nb_cls": 10,
    "nb_epochs": 300,
    "nb_run": 1,
    "nb_worker": 4,
    "num_heads": 12,
    "pretrained_dir": "../experiments/CIFAR10_out/vit_out_cat",
    "rank_multi": 10,
    "save_dir": "../experiments/CIFAR10_out/diffusion_trash",
    "seed": 0,
    "stage": 1,
    "subcommand": "Cifar10",
    "test_dir": "../data/CIFAR10/test",
    "train_dir": "../data/CIFAR10/train",
    "val_dir": "../data/CIFAR10/val",
    "wandb_key": "6cf7b84d1bd52c9eb1e5eade43f583a8059231f2",
    "warmup_epoch": 5,
    "weight_decay": 5e-05
}
2024-12-26 12:22:40,881 INFO ####################################################################################################
1 / 1 Running
2024-12-26 12:22:40,890 INFO Using diffusion ...
2024-12-26 12:22:45,764 INFO Using q_distribution ...
2024-12-26 12:22:45,852 INFO ####### --- Training Epoch 0 --- #######
2024-12-26 12:22:49,041 INFO ################## 
 ---> Validation Epoch 0	Acc.: 16.420	FPR: 91.122	AUROC: 62.060	AUPR: 87.798	AURC: 767.596	EAURC: 228.451	AUPR Succ.: 26.299	ECE: 61.522	NLL: 99.081	Brier: 138.276
2024-12-26 12:22:49,042 INFO Accuracy improved from 0.00 to 16.42!!!
2024-12-26 12:22:49,050 INFO AUROC improved from 0.00 to 62.06!!!
2024-12-26 12:22:49,057 INFO AURC decreased from 1000000.00 to 767.60!!!
2024-12-26 12:22:49,065 INFO ####### --- Training Epoch 1 --- #######
2024-12-26 12:22:52,235 INFO ################## 
 ---> Validation Epoch 1	Acc.: 16.420	FPR: 91.122	AUROC: 62.060	AUPR: 87.798	AURC: 767.596	EAURC: 228.451	AUPR Succ.: 26.299	ECE: 61.522	NLL: 99.081	Brier: 138.276
2024-12-26 12:22:52,236 INFO ####### --- Training Epoch 2 --- #######
2024-12-26 12:22:55,454 INFO ################## 
 ---> Validation Epoch 2	Acc.: 16.420	FPR: 91.122	AUROC: 62.060	AUPR: 87.798	AURC: 767.596	EAURC: 228.451	AUPR Succ.: 26.299	ECE: 61.522	NLL: 99.081	Brier: 138.276
2024-12-26 12:22:55,456 INFO ####### --- Training Epoch 3 --- #######
2024-12-26 17:24:59,758 INFO {
    "attn_type": "kep_svgp",
    "backbone": "mlp",
    "batch_size": 128,
    "beta1": 0.9,
    "beta2": 0.999,
    "concate": true,
    "corruption_dir": "./data",
    "dataset": "cifar10",
    "depth": 7,
    "eta_kl": 1.0,
    "eta_ksvd": 10.0,
    "gpu": "1",
    "hdim": 384,
    "ksvd_layers": 7,
    "low_rank": 10,
    "lr": 0.001,
    "min_lr": 1e-05,
    "model": "diffusion",
    "nb_cls": 10,
    "nb_epochs": 300,
    "nb_run": 1,
    "nb_worker": 4,
    "num_heads": 12,
    "pretrained_dir": "../experiments/CIFAR10_out/vit_out_cat",
    "rank_multi": 10,
    "save_dir": "../experiments/CIFAR10_out/diffusion_trash",
    "seed": 0,
    "stage": 1,
    "subcommand": "Cifar10",
    "test_dir": "../data/CIFAR10/test",
    "train_dir": "../data/CIFAR10/train",
    "val_dir": "../data/CIFAR10/val",
    "wandb_key": "6cf7b84d1bd52c9eb1e5eade43f583a8059231f2",
    "warmup_epoch": 5,
    "weight_decay": 5e-05
}
2024-12-26 17:24:59,919 INFO ####################################################################################################
1 / 1 Running
2024-12-26 17:24:59,924 INFO Using diffusion ...
2024-12-26 17:25:04,701 INFO Using q_distribution ...
2024-12-26 17:25:04,912 INFO ####### --- Training Epoch 0 --- #######
2024-12-26 17:25:30,365 INFO Epoch 0 	 Batch 99	LR : 0.00000	Tot. Loss: 4.98
2024-12-26 17:25:55,109 INFO Epoch 0 	 Batch 199	LR : 0.00000	Tot. Loss: 4.98
2024-12-26 17:26:19,875 INFO Epoch 0 	 Batch 299	LR : 0.00000	Tot. Loss: 4.98
2024-12-26 17:26:35,228 INFO ################## 
 ---> Validation Epoch 0	Acc.: 10.000	FPR: 82.089	AUROC: 71.277	AUPR: 95.198	AURC: 822.185	EAURC: 152.444	AUPR Succ.: 24.282	ECE: 87.904	NLL: 131.127	Brier: 175.788
2024-12-26 17:26:35,228 INFO Accuracy improved from 0.00 to 10.00!!!
2024-12-26 17:26:35,233 INFO AUROC improved from 0.00 to 71.28!!!
2024-12-26 17:26:35,237 INFO AURC decreased from 1000000.00 to 822.19!!!
2024-12-26 17:26:35,242 INFO ####### --- Training Epoch 1 --- #######
2024-12-26 17:27:00,302 INFO Epoch 1 	 Batch 99	LR : 0.00020	Tot. Loss: 1.59
2024-12-26 17:27:25,095 INFO Epoch 1 	 Batch 199	LR : 0.00020	Tot. Loss: 1.12
2024-12-26 17:27:46,048 INFO Epoch 1 	 Batch 299	LR : 0.00020	Tot. Loss: 1.03
2024-12-26 17:27:54,989 INFO ################## 
 ---> Validation Epoch 1	Acc.: 10.200	FPR: 94.788	AUROC: 45.780	AUPR: 88.814	AURC: 910.146	EAURC: 244.990	AUPR Succ.: 9.103	ECE: 57.134	NLL: 71.796	Brier: 136.317
2024-12-26 17:27:54,990 INFO Accuracy improved from 10.00 to 10.20!!!
2024-12-26 17:27:54,996 INFO ####### --- Training Epoch 2 --- #######
2024-12-26 17:28:20,028 INFO Epoch 2 	 Batch 99	LR : 0.00040	Tot. Loss: 0.92
2024-12-26 17:28:44,845 INFO Epoch 2 	 Batch 199	LR : 0.00040	Tot. Loss: 0.86
2024-12-26 17:29:09,735 INFO Epoch 2 	 Batch 299	LR : 0.00040	Tot. Loss: 0.81
2024-12-26 17:29:25,144 INFO ################## 
 ---> Validation Epoch 2	Acc.: 13.240	FPR: 95.044	AUROC: 54.518	AUPR: 88.016	AURC: 850.739	EAURC: 250.842	AUPR Succ.: 15.244	ECE: 55.890	NLL: 62.458	Brier: 132.364
2024-12-26 17:29:25,145 INFO Accuracy improved from 10.20 to 13.24!!!
2024-12-26 17:29:25,151 INFO ####### --- Training Epoch 3 --- #######
2024-12-26 17:29:50,161 INFO Epoch 3 	 Batch 99	LR : 0.00060	Tot. Loss: 0.76
2024-12-26 17:30:14,980 INFO Epoch 3 	 Batch 199	LR : 0.00060	Tot. Loss: 0.74
2024-12-26 17:30:39,771 INFO Epoch 3 	 Batch 299	LR : 0.00060	Tot. Loss: 0.72
2024-12-26 17:30:55,093 INFO ################## 
 ---> Validation Epoch 3	Acc.: 18.500	FPR: 93.350	AUROC: 59.904	AUPR: 85.596	AURC: 757.601	EAURC: 254.770	AUPR Succ.: 25.909	ECE: 43.979	NLL: 47.639	Brier: 115.718
2024-12-26 17:30:55,094 INFO Accuracy improved from 13.24 to 18.50!!!
2024-12-26 17:30:55,101 INFO AURC decreased from 822.19 to 757.60!!!
2024-12-26 17:30:55,108 INFO ####### --- Training Epoch 4 --- #######
2024-12-26 17:31:20,084 INFO Epoch 4 	 Batch 99	LR : 0.00080	Tot. Loss: 0.69
2024-12-26 17:31:44,871 INFO Epoch 4 	 Batch 199	LR : 0.00080	Tot. Loss: 0.68
2024-12-26 17:32:09,695 INFO Epoch 4 	 Batch 299	LR : 0.00080	Tot. Loss: 0.66
2024-12-26 17:32:24,949 INFO ################## 
 ---> Validation Epoch 4	Acc.: 20.520	FPR: 90.337	AUROC: 62.182	AUPR: 85.073	AURC: 720.593	EAURC: 250.782	AUPR Succ.: 30.285	ECE: 47.810	NLL: 48.422	Brier: 118.370
2024-12-26 17:32:24,950 INFO Accuracy improved from 18.50 to 20.52!!!
2024-12-26 17:32:24,954 INFO AURC decreased from 757.60 to 720.59!!!
2024-12-26 17:32:24,959 INFO ####### --- Training Epoch 5 --- #######
2024-12-26 17:32:49,969 INFO Epoch 5 	 Batch 99	LR : 0.00100	Tot. Loss: 0.64
2024-12-26 17:33:14,762 INFO Epoch 5 	 Batch 199	LR : 0.00100	Tot. Loss: 0.63
2024-12-26 17:33:39,578 INFO Epoch 5 	 Batch 299	LR : 0.00100	Tot. Loss: 0.62
2024-12-26 17:33:52,277 INFO ################## 
 ---> Validation Epoch 5	Acc.: 25.880	FPR: 86.535	AUROC: 64.180	AUPR: 82.629	AURC: 638.741	EAURC: 247.361	AUPR Succ.: 39.937	ECE: 45.139	NLL: 41.373	Brier: 111.198
2024-12-26 17:33:52,277 INFO Accuracy improved from 20.52 to 25.88!!!
2024-12-26 17:33:52,284 INFO AURC decreased from 720.59 to 638.74!!!
2024-12-26 17:33:52,291 INFO ####### --- Training Epoch 6 --- #######
2024-12-26 17:34:11,394 INFO Epoch 6 	 Batch 99	LR : 0.00100	Tot. Loss: 0.61
2024-12-26 17:34:36,182 INFO Epoch 6 	 Batch 199	LR : 0.00100	Tot. Loss: 0.60
2024-12-26 17:35:00,964 INFO Epoch 6 	 Batch 299	LR : 0.00100	Tot. Loss: 0.59
2024-12-26 17:35:16,377 INFO ################## 
 ---> Validation Epoch 6	Acc.: 29.720	FPR: 90.040	AUROC: 64.337	AUPR: 78.676	AURC: 586.584	EAURC: 244.392	AUPR Succ.: 45.667	ECE: 39.455	NLL: 34.823	Brier: 102.722
2024-12-26 17:35:16,378 INFO Accuracy improved from 25.88 to 29.72!!!
2024-12-26 17:35:16,383 INFO AURC decreased from 638.74 to 586.58!!!
2024-12-26 17:35:16,387 INFO ####### --- Training Epoch 7 --- #######
2024-12-26 17:35:41,437 INFO Epoch 7 	 Batch 99	LR : 0.00100	Tot. Loss: 0.59
2024-12-26 17:36:06,234 INFO Epoch 7 	 Batch 199	LR : 0.00100	Tot. Loss: 0.58
2024-12-26 17:36:31,050 INFO Epoch 7 	 Batch 299	LR : 0.00100	Tot. Loss: 0.57
2024-12-26 17:36:46,295 INFO ################## 
 ---> Validation Epoch 7	Acc.: 33.040	FPR: 89.367	AUROC: 65.343	AUPR: 76.776	AURC: 537.278	EAURC: 233.580	AUPR Succ.: 51.317	ECE: 36.747	NLL: 29.713	Brier: 97.237
2024-12-26 17:36:46,296 INFO Accuracy improved from 29.72 to 33.04!!!
2024-12-26 17:36:46,300 INFO AURC decreased from 586.58 to 537.28!!!
2024-12-26 17:36:46,305 INFO ####### --- Training Epoch 8 --- #######
2024-12-26 17:37:11,342 INFO Epoch 8 	 Batch 99	LR : 0.00100	Tot. Loss: 0.57
2024-12-26 17:37:36,155 INFO Epoch 8 	 Batch 199	LR : 0.00100	Tot. Loss: 0.56
2024-12-26 17:38:00,945 INFO Epoch 8 	 Batch 299	LR : 0.00100	Tot. Loss: 0.56
2024-12-26 17:38:16,257 INFO ################## 
 ---> Validation Epoch 8	Acc.: 33.600	FPR: 87.620	AUROC: 68.472	AUPR: 78.278	AURC: 503.110	EAURC: 205.567	AUPR Succ.: 56.860	ECE: 37.117	NLL: 29.913	Brier: 96.534
2024-12-26 17:38:16,257 INFO Accuracy improved from 33.04 to 33.60!!!
2024-12-26 17:38:16,262 INFO AURC decreased from 537.28 to 503.11!!!
2024-12-26 17:38:16,267 INFO ####### --- Training Epoch 9 --- #######
2024-12-26 17:38:41,238 INFO Epoch 9 	 Batch 99	LR : 0.00100	Tot. Loss: 0.55
2024-12-26 17:39:06,067 INFO Epoch 9 	 Batch 199	LR : 0.00100	Tot. Loss: 0.55
2024-12-26 17:39:30,866 INFO Epoch 9 	 Batch 299	LR : 0.00100	Tot. Loss: 0.54
2024-12-26 17:39:46,225 INFO ################## 
 ---> Validation Epoch 9	Acc.: 38.740	FPR: 86.712	AUROC: 66.586	AUPR: 73.797	AURC: 464.186	EAURC: 218.956	AUPR Succ.: 58.747	ECE: 34.079	NLL: 25.125	Brier: 89.941
2024-12-26 17:39:46,226 INFO Accuracy improved from 33.60 to 38.74!!!
2024-12-26 17:39:46,232 INFO AURC decreased from 503.11 to 464.19!!!
2024-12-26 17:39:46,238 INFO ####### --- Training Epoch 10 --- #######
2024-12-26 17:40:03,787 INFO Epoch 10 	 Batch 99	LR : 0.00100	Tot. Loss: 0.54
2024-12-26 17:40:25,592 INFO Epoch 10 	 Batch 199	LR : 0.00100	Tot. Loss: 0.53
2024-12-26 17:40:50,406 INFO Epoch 10 	 Batch 299	LR : 0.00100	Tot. Loss: 0.53
2024-12-26 17:41:05,863 INFO ################## 
 ---> Validation Epoch 10	Acc.: 39.940	FPR: 87.446	AUROC: 66.647	AUPR: 72.326	AURC: 447.692	EAURC: 213.658	AUPR Succ.: 60.558	ECE: 31.263	NLL: 23.480	Brier: 86.831
2024-12-26 17:41:05,864 INFO Accuracy improved from 38.74 to 39.94!!!
2024-12-26 17:41:05,869 INFO AURC decreased from 464.19 to 447.69!!!
2024-12-26 17:41:05,874 INFO ####### --- Training Epoch 11 --- #######
2024-12-26 17:41:30,925 INFO Epoch 11 	 Batch 99	LR : 0.00100	Tot. Loss: 0.53
2024-12-26 17:41:55,691 INFO Epoch 11 	 Batch 199	LR : 0.00100	Tot. Loss: 0.52
2024-12-26 17:42:20,481 INFO Epoch 11 	 Batch 299	LR : 0.00100	Tot. Loss: 0.52
2024-12-26 17:42:35,747 INFO ################## 
 ---> Validation Epoch 11	Acc.: 39.500	FPR: 88.860	AUROC: 66.346	AUPR: 71.530	AURC: 450.977	EAURC: 212.881	AUPR Succ.: 60.530	ECE: 29.422	NLL: 19.913	Brier: 84.254
2024-12-26 17:42:35,749 INFO ####### --- Training Epoch 12 --- #######
2024-12-26 17:43:00,747 INFO Epoch 12 	 Batch 99	LR : 0.00100	Tot. Loss: 0.52
2024-12-26 17:43:25,583 INFO Epoch 12 	 Batch 199	LR : 0.00100	Tot. Loss: 0.52
2024-12-26 17:43:50,384 INFO Epoch 12 	 Batch 299	LR : 0.00100	Tot. Loss: 0.51
2024-12-26 17:44:05,680 INFO ################## 
 ---> Validation Epoch 12	Acc.: 35.280	FPR: 89.710	AUROC: 63.680	AUPR: 74.352	AURC: 523.443	EAURC: 243.809	AUPR Succ.: 52.131	ECE: 28.466	NLL: 20.320	Brier: 87.575
2024-12-26 17:44:05,681 INFO ####### --- Training Epoch 13 --- #######
2024-12-26 17:44:30,648 INFO Epoch 13 	 Batch 99	LR : 0.00100	Tot. Loss: 0.51
2024-12-26 17:44:55,476 INFO Epoch 13 	 Batch 199	LR : 0.00100	Tot. Loss: 0.51
2024-12-26 17:45:20,242 INFO Epoch 13 	 Batch 299	LR : 0.00100	Tot. Loss: 0.51
2024-12-26 17:45:35,566 INFO ################## 
 ---> Validation Epoch 13	Acc.: 20.980	FPR: 92.053	AUROC: 62.679	AUPR: 84.491	AURC: 699.765	EAURC: 237.188	AUPR Succ.: 34.300	ECE: 44.573	NLL: 33.437	Brier: 112.737
2024-12-26 17:45:35,567 INFO ####### --- Training Epoch 14 --- #######
2024-12-26 17:46:00,519 INFO Epoch 14 	 Batch 99	LR : 0.00100	Tot. Loss: 0.50
2024-12-26 17:46:16,560 INFO Epoch 14 	 Batch 199	LR : 0.00100	Tot. Loss: 0.50
2024-12-26 17:46:41,345 INFO Epoch 14 	 Batch 299	LR : 0.00100	Tot. Loss: 0.50
2024-12-26 17:46:56,679 INFO ################## 
 ---> Validation Epoch 14	Acc.: 23.100	FPR: 88.114	AUROC: 65.337	AUPR: 84.442	AURC: 655.656	EAURC: 225.149	AUPR Succ.: 40.274	ECE: 42.992	NLL: 31.366	Brier: 109.254
2024-12-26 17:46:56,680 INFO ####### --- Training Epoch 15 --- #######
2024-12-26 17:47:21,654 INFO Epoch 15 	 Batch 99	LR : 0.00100	Tot. Loss: 0.50
2024-12-26 17:47:46,430 INFO Epoch 15 	 Batch 199	LR : 0.00100	Tot. Loss: 0.50
2024-12-26 17:48:11,239 INFO Epoch 15 	 Batch 299	LR : 0.00100	Tot. Loss: 0.50
2024-12-26 17:48:26,596 INFO ################## 
 ---> Validation Epoch 15	Acc.: 19.800	FPR: 89.751	AUROC: 62.982	AUPR: 85.510	AURC: 711.497	EAURC: 230.156	AUPR Succ.: 33.566	ECE: 47.335	NLL: 39.310	Brier: 117.130
2024-12-26 17:48:26,598 INFO ####### --- Training Epoch 16 --- #######
2024-12-26 17:48:51,547 INFO Epoch 16 	 Batch 99	LR : 0.00100	Tot. Loss: 0.49
2024-12-26 17:49:16,369 INFO Epoch 16 	 Batch 199	LR : 0.00100	Tot. Loss: 0.49
2024-12-26 17:49:41,135 INFO Epoch 16 	 Batch 299	LR : 0.00100	Tot. Loss: 0.49
2024-12-26 17:49:56,530 INFO ################## 
 ---> Validation Epoch 16	Acc.: 17.920	FPR: 93.519	AUROC: 63.917	AUPR: 86.701	AURC: 720.728	EAURC: 208.018	AUPR Succ.: 35.285	ECE: 50.649	NLL: 43.047	Brier: 121.895
2024-12-26 17:49:56,532 INFO ####### --- Training Epoch 17 --- #######
2024-12-26 17:50:21,596 INFO Epoch 17 	 Batch 99	LR : 0.00100	Tot. Loss: 0.49
2024-12-26 17:50:46,400 INFO Epoch 17 	 Batch 199	LR : 0.00100	Tot. Loss: 0.49
2024-12-26 17:51:11,212 INFO Epoch 17 	 Batch 299	LR : 0.00100	Tot. Loss: 0.49
2024-12-26 17:51:26,548 INFO ################## 
 ---> Validation Epoch 17	Acc.: 20.400	FPR: 92.010	AUROC: 64.218	AUPR: 84.902	AURC: 687.436	EAURC: 215.722	AUPR Succ.: 38.274	ECE: 48.235	NLL: 38.957	Brier: 116.900
2024-12-26 17:51:26,550 INFO ####### --- Training Epoch 18 --- #######
2024-12-26 17:51:51,621 INFO Epoch 18 	 Batch 99	LR : 0.00100	Tot. Loss: 0.49
2024-12-26 17:52:13,334 INFO Epoch 18 	 Batch 199	LR : 0.00100	Tot. Loss: 0.49
2024-12-26 17:52:31,128 INFO Epoch 18 	 Batch 299	LR : 0.00100	Tot. Loss: 0.49
2024-12-26 17:52:46,538 INFO ################## 
 ---> Validation Epoch 18	Acc.: 16.920	FPR: 90.082	AUROC: 66.472	AUPR: 88.933	AURC: 724.096	EAURC: 193.909	AUPR Succ.: 35.875	ECE: 51.291	NLL: 49.048	Brier: 123.001
2024-12-26 17:52:46,540 INFO ####### --- Training Epoch 19 --- #######
2024-12-26 17:53:11,567 INFO Epoch 19 	 Batch 99	LR : 0.00100	Tot. Loss: 0.49
2024-12-26 17:53:36,345 INFO Epoch 19 	 Batch 199	LR : 0.00100	Tot. Loss: 0.49
2024-12-26 17:54:01,129 INFO Epoch 19 	 Batch 299	LR : 0.00100	Tot. Loss: 0.48
2024-12-26 17:54:16,414 INFO ################## 
 ---> Validation Epoch 19	Acc.: 17.700	FPR: 90.765	AUROC: 65.889	AUPR: 87.870	AURC: 717.089	EAURC: 200.583	AUPR Succ.: 35.907	ECE: 51.902	NLL: 44.158	Brier: 122.297
2024-12-26 17:54:16,415 INFO ####### --- Training Epoch 20 --- #######
2024-12-26 17:54:41,370 INFO Epoch 20 	 Batch 99	LR : 0.00099	Tot. Loss: 0.48
2024-12-26 17:55:06,145 INFO Epoch 20 	 Batch 199	LR : 0.00099	Tot. Loss: 0.48
2024-12-26 17:55:30,970 INFO Epoch 20 	 Batch 299	LR : 0.00099	Tot. Loss: 0.48
2024-12-26 17:55:46,286 INFO ################## 
 ---> Validation Epoch 20	Acc.: 19.780	FPR: 91.374	AUROC: 63.881	AUPR: 85.860	AURC: 702.290	EAURC: 220.625	AUPR Succ.: 35.621	ECE: 47.311	NLL: 42.577	Brier: 116.995
2024-12-26 17:55:46,287 INFO ####### --- Training Epoch 21 --- #######
2024-12-26 17:56:11,213 INFO Epoch 21 	 Batch 99	LR : 0.00099	Tot. Loss: 0.48
2024-12-26 17:56:36,071 INFO Epoch 21 	 Batch 199	LR : 0.00099	Tot. Loss: 0.48
2024-12-26 17:57:00,777 INFO Epoch 21 	 Batch 299	LR : 0.00099	Tot. Loss: 0.48
2024-12-26 17:57:16,030 INFO ################## 
 ---> Validation Epoch 21	Acc.: 15.860	FPR: 91.205	AUROC: 65.845	AUPR: 89.521	AURC: 744.560	EAURC: 195.201	AUPR Succ.: 32.779	ECE: 53.489	NLL: 52.052	Brier: 125.208
2024-12-26 17:57:16,032 INFO ####### --- Training Epoch 22 --- #######
2024-12-26 17:57:41,018 INFO Epoch 22 	 Batch 99	LR : 0.00099	Tot. Loss: 0.48
2024-12-26 17:58:05,787 INFO Epoch 22 	 Batch 199	LR : 0.00099	Tot. Loss: 0.48
2024-12-26 17:58:23,621 INFO Epoch 22 	 Batch 299	LR : 0.00099	Tot. Loss: 0.48
2024-12-26 17:58:37,077 INFO ################## 
 ---> Validation Epoch 22	Acc.: 16.320	FPR: 89.221	AUROC: 65.782	AUPR: 89.279	AURC: 738.873	EAURC: 197.918	AUPR Succ.: 33.319	ECE: 53.834	NLL: 50.226	Brier: 125.730
2024-12-26 17:58:37,079 INFO ####### --- Training Epoch 23 --- #######
2024-12-26 17:59:02,132 INFO Epoch 23 	 Batch 99	LR : 0.00099	Tot. Loss: 0.48
2024-12-26 17:59:26,913 INFO Epoch 23 	 Batch 199	LR : 0.00099	Tot. Loss: 0.48
2024-12-26 17:59:51,723 INFO Epoch 23 	 Batch 299	LR : 0.00099	Tot. Loss: 0.48
2024-12-26 18:00:07,164 INFO ################## 
 ---> Validation Epoch 23	Acc.: 15.100	FPR: 89.305	AUROC: 65.302	AUPR: 90.025	AURC: 755.041	EAURC: 191.503	AUPR Succ.: 32.215	ECE: 56.627	NLL: 54.469	Brier: 129.752
2024-12-26 18:00:07,165 INFO ####### --- Training Epoch 24 --- #######
2024-12-26 18:00:32,159 INFO Epoch 24 	 Batch 99	LR : 0.00099	Tot. Loss: 0.48
2024-12-26 18:00:56,954 INFO Epoch 24 	 Batch 199	LR : 0.00099	Tot. Loss: 0.48
2024-12-26 18:01:21,762 INFO Epoch 24 	 Batch 299	LR : 0.00099	Tot. Loss: 0.47
2024-12-26 18:01:37,247 INFO ################## 
 ---> Validation Epoch 24	Acc.: 17.560	FPR: 90.029	AUROC: 61.987	AUPR: 86.953	AURC: 735.465	EAURC: 216.529	AUPR Succ.: 33.000	ECE: 50.788	NLL: 52.941	Brier: 122.209
2024-12-26 18:01:37,249 INFO ####### --- Training Epoch 25 --- #######
2024-12-26 18:02:02,237 INFO Epoch 25 	 Batch 99	LR : 0.00099	Tot. Loss: 0.47
2024-12-26 18:02:27,046 INFO Epoch 25 	 Batch 199	LR : 0.00099	Tot. Loss: 0.47
2024-12-26 18:02:51,841 INFO Epoch 25 	 Batch 299	LR : 0.00099	Tot. Loss: 0.47
2024-12-26 18:03:07,307 INFO ################## 
 ---> Validation Epoch 25	Acc.: 17.140	FPR: 89.524	AUROC: 61.984	AUPR: 87.321	AURC: 740.630	EAURC: 214.337	AUPR Succ.: 32.554	ECE: 51.153	NLL: 51.349	Brier: 123.016
2024-12-26 18:03:07,309 INFO ####### --- Training Epoch 26 --- #######
2024-12-26 18:03:32,316 INFO Epoch 26 	 Batch 99	LR : 0.00099	Tot. Loss: 0.47
2024-12-26 18:03:57,158 INFO Epoch 26 	 Batch 199	LR : 0.00099	Tot. Loss: 0.47
2024-12-26 18:04:21,904 INFO Epoch 26 	 Batch 299	LR : 0.00099	Tot. Loss: 0.47
2024-12-26 18:04:30,191 INFO ################## 
 ---> Validation Epoch 26	Acc.: 16.800	FPR: 94.808	AUROC: 59.808	AUPR: 85.917	AURC: 750.673	EAURC: 218.350	AUPR Succ.: 31.403	ECE: 55.314	NLL: 54.361	Brier: 128.212
2024-12-26 18:04:30,193 INFO ####### --- Training Epoch 27 --- #######
2024-12-26 18:04:52,485 INFO Epoch 27 	 Batch 99	LR : 0.00099	Tot. Loss: 0.47
2024-12-26 18:05:17,260 INFO Epoch 27 	 Batch 199	LR : 0.00099	Tot. Loss: 0.47
2024-12-26 18:05:42,078 INFO Epoch 27 	 Batch 299	LR : 0.00099	Tot. Loss: 0.47
2024-12-26 18:05:57,334 INFO ################## 
 ---> Validation Epoch 27	Acc.: 17.620	FPR: 94.392	AUROC: 57.885	AUPR: 84.614	AURC: 747.564	EAURC: 229.671	AUPR Succ.: 31.109	ECE: 56.588	NLL: 54.708	Brier: 129.286
2024-12-26 18:05:57,335 INFO ####### --- Training Epoch 28 --- #######
2024-12-26 18:06:22,354 INFO Epoch 28 	 Batch 99	LR : 0.00099	Tot. Loss: 0.47
2024-12-26 18:06:47,156 INFO Epoch 28 	 Batch 199	LR : 0.00099	Tot. Loss: 0.47
2024-12-26 18:07:11,961 INFO Epoch 28 	 Batch 299	LR : 0.00099	Tot. Loss: 0.47
2024-12-26 18:07:27,279 INFO ################## 
 ---> Validation Epoch 28	Acc.: 17.040	FPR: 93.419	AUROC: 58.629	AUPR: 85.287	AURC: 749.442	EAURC: 221.383	AUPR Succ.: 31.843	ECE: 56.401	NLL: 55.424	Brier: 129.207
2024-12-26 18:07:27,280 INFO ####### --- Training Epoch 29 --- #######
2024-12-26 18:07:52,324 INFO Epoch 29 	 Batch 99	LR : 0.00099	Tot. Loss: 0.47
2024-12-26 18:08:17,042 INFO Epoch 29 	 Batch 199	LR : 0.00099	Tot. Loss: 0.47
2024-12-26 18:08:41,874 INFO Epoch 29 	 Batch 299	LR : 0.00099	Tot. Loss: 0.47
2024-12-26 18:08:57,194 INFO ################## 
 ---> Validation Epoch 29	Acc.: 19.060	FPR: 94.366	AUROC: 57.721	AUPR: 83.595	AURC: 738.510	EAURC: 245.044	AUPR Succ.: 30.670	ECE: 52.713	NLL: 54.120	Brier: 124.768
2024-12-26 18:08:57,195 INFO ####### --- Training Epoch 30 --- #######
2024-12-26 18:09:22,225 INFO Epoch 30 	 Batch 99	LR : 0.00098	Tot. Loss: 0.47
2024-12-26 18:09:46,942 INFO Epoch 30 	 Batch 199	LR : 0.00098	Tot. Loss: 0.47
2024-12-26 18:10:11,763 INFO Epoch 30 	 Batch 299	LR : 0.00098	Tot. Loss: 0.47
2024-12-26 18:10:27,110 INFO ################## 
 ---> Validation Epoch 30	Acc.: 19.180	FPR: 90.448	AUROC: 58.289	AUPR: 84.681	AURC: 736.052	EAURC: 244.572	AUPR Succ.: 31.176	ECE: 53.177	NLL: 56.126	Brier: 125.037
2024-12-26 18:10:27,111 INFO ####### --- Training Epoch 31 --- #######
2024-12-26 18:10:43,279 INFO Epoch 31 	 Batch 99	LR : 0.00098	Tot. Loss: 0.47
2024-12-26 18:11:08,060 INFO Epoch 31 	 Batch 199	LR : 0.00098	Tot. Loss: 0.47
2024-12-26 18:11:32,892 INFO Epoch 31 	 Batch 299	LR : 0.00098	Tot. Loss: 0.46
2024-12-26 18:11:48,156 INFO ################## 
 ---> Validation Epoch 31	Acc.: 18.680	FPR: 91.736	AUROC: 58.600	AUPR: 84.803	AURC: 744.623	EAURC: 244.820	AUPR Succ.: 29.566	ECE: 54.164	NLL: 62.396	Brier: 126.833
2024-12-26 18:11:48,158 INFO ####### --- Training Epoch 32 --- #######
2024-12-26 18:12:13,230 INFO Epoch 32 	 Batch 99	LR : 0.00098	Tot. Loss: 0.46
2024-12-26 18:12:37,939 INFO Epoch 32 	 Batch 199	LR : 0.00098	Tot. Loss: 0.47
2024-12-26 18:13:02,799 INFO Epoch 32 	 Batch 299	LR : 0.00098	Tot. Loss: 0.46
2024-12-26 18:13:17,959 INFO ################## 
 ---> Validation Epoch 32	Acc.: 17.800	FPR: 92.701	AUROC: 58.370	AUPR: 85.005	AURC: 753.418	EAURC: 238.641	AUPR Succ.: 28.947	ECE: 57.639	NLL: 62.558	Brier: 130.663
2024-12-26 18:13:17,960 INFO ####### --- Training Epoch 33 --- #######
2024-12-26 18:13:43,047 INFO Epoch 33 	 Batch 99	LR : 0.00098	Tot. Loss: 0.47
2024-12-26 18:14:07,871 INFO Epoch 33 	 Batch 199	LR : 0.00098	Tot. Loss: 0.46
2024-12-26 18:14:32,572 INFO Epoch 33 	 Batch 299	LR : 0.00098	Tot. Loss: 0.46
2024-12-26 18:14:47,901 INFO ################## 
 ---> Validation Epoch 33	Acc.: 18.640	FPR: 92.035	AUROC: 58.540	AUPR: 84.834	AURC: 748.286	EAURC: 247.812	AUPR Succ.: 28.558	ECE: 56.809	NLL: 61.453	Brier: 129.436
2024-12-26 18:14:47,902 INFO ####### --- Training Epoch 34 --- #######
2024-12-26 18:15:12,845 INFO Epoch 34 	 Batch 99	LR : 0.00098	Tot. Loss: 0.46
2024-12-26 18:15:37,664 INFO Epoch 34 	 Batch 199	LR : 0.00098	Tot. Loss: 0.46
2024-12-26 18:16:02,439 INFO Epoch 34 	 Batch 299	LR : 0.00098	Tot. Loss: 0.46
2024-12-26 18:16:17,795 INFO ################## 
 ---> Validation Epoch 34	Acc.: 18.580	FPR: 93.785	AUROC: 58.245	AUPR: 84.288	AURC: 749.383	EAURC: 247.900	AUPR Succ.: 28.326	ECE: 56.438	NLL: 60.389	Brier: 129.379
2024-12-26 18:16:17,796 INFO ####### --- Training Epoch 35 --- #######
2024-12-26 18:16:39,904 INFO Epoch 35 	 Batch 99	LR : 0.00098	Tot. Loss: 0.46
2024-12-26 18:16:57,531 INFO Epoch 35 	 Batch 199	LR : 0.00098	Tot. Loss: 0.46
2024-12-26 18:17:22,353 INFO Epoch 35 	 Batch 299	LR : 0.00098	Tot. Loss: 0.46
2024-12-26 18:17:37,711 INFO ################## 
 ---> Validation Epoch 35	Acc.: 18.780	FPR: 93.179	AUROC: 59.575	AUPR: 84.553	AURC: 743.784	EAURC: 245.657	AUPR Succ.: 28.900	ECE: 54.347	NLL: 60.606	Brier: 126.378
2024-12-26 18:17:37,713 INFO ####### --- Training Epoch 36 --- #######
2024-12-26 18:18:02,793 INFO Epoch 36 	 Batch 99	LR : 0.00098	Tot. Loss: 0.46
2024-12-26 18:18:27,590 INFO Epoch 36 	 Batch 199	LR : 0.00098	Tot. Loss: 0.46
2024-12-26 18:18:52,397 INFO Epoch 36 	 Batch 299	LR : 0.00098	Tot. Loss: 0.46
2024-12-26 18:19:07,774 INFO ################## 
 ---> Validation Epoch 36	Acc.: 20.680	FPR: 91.957	AUROC: 57.979	AUPR: 82.695	AURC: 732.029	EAURC: 264.746	AUPR Succ.: 29.192	ECE: 51.633	NLL: 51.973	Brier: 122.572
2024-12-26 18:19:07,776 INFO ####### --- Training Epoch 37 --- #######
2024-12-26 18:19:32,908 INFO Epoch 37 	 Batch 99	LR : 0.00097	Tot. Loss: 0.46
2024-12-26 18:19:57,772 INFO Epoch 37 	 Batch 199	LR : 0.00097	Tot. Loss: 0.46
2024-12-26 18:20:22,560 INFO Epoch 37 	 Batch 299	LR : 0.00097	Tot. Loss: 0.46
2024-12-26 18:20:37,884 INFO ################## 
 ---> Validation Epoch 37	Acc.: 18.720	FPR: 88.410	AUROC: 62.332	AUPR: 86.354	AURC: 731.127	EAURC: 231.995	AUPR Succ.: 31.023	ECE: 54.286	NLL: 59.591	Brier: 126.022
2024-12-26 18:20:37,886 INFO ####### --- Training Epoch 38 --- #######
2024-12-26 18:21:02,855 INFO Epoch 38 	 Batch 99	LR : 0.00097	Tot. Loss: 0.46
2024-12-26 18:21:27,666 INFO Epoch 38 	 Batch 199	LR : 0.00097	Tot. Loss: 0.46
2024-12-26 18:21:52,464 INFO Epoch 38 	 Batch 299	LR : 0.00097	Tot. Loss: 0.46
2024-12-26 18:22:07,815 INFO ################## 
 ---> Validation Epoch 38	Acc.: 20.440	FPR: 89.392	AUROC: 62.478	AUPR: 85.158	AURC: 714.762	EAURC: 243.683	AUPR Succ.: 31.914	ECE: 49.902	NLL: 54.992	Brier: 120.296
2024-12-26 18:22:07,817 INFO ####### --- Training Epoch 39 --- #######
2024-12-26 18:22:32,769 INFO Epoch 39 	 Batch 99	LR : 0.00097	Tot. Loss: 0.46
2024-12-26 18:22:50,603 INFO Epoch 39 	 Batch 199	LR : 0.00097	Tot. Loss: 0.46
2024-12-26 18:23:13,425 INFO Epoch 39 	 Batch 299	LR : 0.00097	Tot. Loss: 0.46
2024-12-26 18:23:28,819 INFO ################## 
 ---> Validation Epoch 39	Acc.: 21.840	FPR: 89.918	AUROC: 61.870	AUPR: 83.741	AURC: 698.325	EAURC: 249.004	AUPR Succ.: 33.735	ECE: 48.045	NLL: 51.454	Brier: 117.934
2024-12-26 18:23:28,820 INFO ####### --- Training Epoch 40 --- #######
2024-12-26 18:23:53,901 INFO Epoch 40 	 Batch 99	LR : 0.00097	Tot. Loss: 0.46
2024-12-26 18:24:18,750 INFO Epoch 40 	 Batch 199	LR : 0.00097	Tot. Loss: 0.46
2024-12-26 18:24:43,445 INFO Epoch 40 	 Batch 299	LR : 0.00097	Tot. Loss: 0.46
2024-12-26 18:24:58,701 INFO ################## 
 ---> Validation Epoch 40	Acc.: 23.400	FPR: 86.893	AUROC: 61.087	AUPR: 82.808	AURC: 690.438	EAURC: 264.308	AUPR Succ.: 33.476	ECE: 46.532	NLL: 49.551	Brier: 115.838
2024-12-26 18:24:58,703 INFO ####### --- Training Epoch 41 --- #######
2024-12-26 18:25:23,740 INFO Epoch 41 	 Batch 99	LR : 0.00097	Tot. Loss: 0.46
2024-12-26 18:25:48,524 INFO Epoch 41 	 Batch 199	LR : 0.00097	Tot. Loss: 0.46
2024-12-26 18:26:13,316 INFO Epoch 41 	 Batch 299	LR : 0.00097	Tot. Loss: 0.46
2024-12-26 18:26:28,696 INFO ################## 
 ---> Validation Epoch 41	Acc.: 22.700	FPR: 90.065	AUROC: 61.711	AUPR: 83.276	AURC: 692.334	EAURC: 255.931	AUPR Succ.: 33.782	ECE: 48.042	NLL: 53.914	Brier: 117.598
2024-12-26 18:26:28,699 INFO ####### --- Training Epoch 42 --- #######
2024-12-26 18:26:53,754 INFO Epoch 42 	 Batch 99	LR : 0.00097	Tot. Loss: 0.46
2024-12-26 18:27:18,546 INFO Epoch 42 	 Batch 199	LR : 0.00097	Tot. Loss: 0.46
2024-12-26 18:27:43,339 INFO Epoch 42 	 Batch 299	LR : 0.00097	Tot. Loss: 0.46
2024-12-26 18:27:58,754 INFO ################## 
 ---> Validation Epoch 42	Acc.: 21.240	FPR: 87.760	AUROC: 62.651	AUPR: 85.274	AURC: 704.993	EAURC: 246.461	AUPR Succ.: 32.941	ECE: 48.145	NLL: 58.093	Brier: 118.643
2024-12-26 18:27:58,755 INFO ####### --- Training Epoch 43 --- #######
2024-12-26 18:28:23,745 INFO Epoch 43 	 Batch 99	LR : 0.00096	Tot. Loss: 0.46
2024-12-26 18:28:48,654 INFO Epoch 43 	 Batch 199	LR : 0.00096	Tot. Loss: 0.46
2024-12-26 18:29:03,501 INFO Epoch 43 	 Batch 299	LR : 0.00096	Tot. Loss: 0.46
2024-12-26 18:29:18,816 INFO ################## 
 ---> Validation Epoch 43	Acc.: 21.580	FPR: 88.243	AUROC: 61.103	AUPR: 84.490	AURC: 710.690	EAURC: 257.399	AUPR Succ.: 31.642	ECE: 48.552	NLL: 57.287	Brier: 119.220
2024-12-26 18:29:18,817 INFO ####### --- Training Epoch 44 --- #######
2024-12-26 18:29:43,858 INFO Epoch 44 	 Batch 99	LR : 0.00096	Tot. Loss: 0.46
2024-12-26 18:30:08,608 INFO Epoch 44 	 Batch 199	LR : 0.00096	Tot. Loss: 0.46
2024-12-26 18:30:33,366 INFO Epoch 44 	 Batch 299	LR : 0.00096	Tot. Loss: 0.46
2024-12-26 18:30:48,720 INFO ################## 
 ---> Validation Epoch 44	Acc.: 21.520	FPR: 87.487	AUROC: 63.635	AUPR: 85.513	AURC: 699.160	EAURC: 244.947	AUPR Succ.: 33.413	ECE: 46.352	NLL: 56.018	Brier: 116.597
2024-12-26 18:30:48,722 INFO ####### --- Training Epoch 45 --- #######
2024-12-26 18:31:13,634 INFO Epoch 45 	 Batch 99	LR : 0.00096	Tot. Loss: 0.46
2024-12-26 18:31:38,390 INFO Epoch 45 	 Batch 199	LR : 0.00096	Tot. Loss: 0.46
2024-12-26 18:32:03,268 INFO Epoch 45 	 Batch 299	LR : 0.00096	Tot. Loss: 0.46
2024-12-26 18:32:18,633 INFO ################## 
 ---> Validation Epoch 45	Acc.: 21.800	FPR: 93.811	AUROC: 57.279	AUPR: 81.134	AURC: 725.994	EAURC: 276.065	AUPR Succ.: 29.267	ECE: 47.887	NLL: 59.018	Brier: 119.889
2024-12-26 18:32:18,635 INFO ####### --- Training Epoch 46 --- #######
2024-12-26 18:32:43,624 INFO Epoch 46 	 Batch 99	LR : 0.00096	Tot. Loss: 0.46
2024-12-26 18:33:08,484 INFO Epoch 46 	 Batch 199	LR : 0.00096	Tot. Loss: 0.46
2024-12-26 18:33:33,146 INFO Epoch 46 	 Batch 299	LR : 0.00096	Tot. Loss: 0.46
2024-12-26 18:33:48,433 INFO ################## 
 ---> Validation Epoch 46	Acc.: 19.500	FPR: 90.335	AUROC: 58.680	AUPR: 84.349	AURC: 741.957	EAURC: 255.734	AUPR Succ.: 28.638	ECE: 50.400	NLL: 60.981	Brier: 123.059
2024-12-26 18:33:48,435 INFO ####### --- Training Epoch 47 --- #######
2024-12-26 18:34:13,390 INFO Epoch 47 	 Batch 99	LR : 0.00096	Tot. Loss: 0.46
2024-12-26 18:34:38,138 INFO Epoch 47 	 Batch 199	LR : 0.00096	Tot. Loss: 0.46
2024-12-26 18:34:59,452 INFO Epoch 47 	 Batch 299	LR : 0.00096	Tot. Loss: 0.46
2024-12-26 18:35:09,456 INFO ################## 
 ---> Validation Epoch 47	Acc.: 21.260	FPR: 87.376	AUROC: 63.288	AUPR: 85.412	AURC: 701.359	EAURC: 243.137	AUPR Succ.: 33.498	ECE: 46.714	NLL: 55.740	Brier: 116.937
2024-12-26 18:35:09,457 INFO ####### --- Training Epoch 48 --- #######
2024-12-26 18:35:34,374 INFO Epoch 48 	 Batch 99	LR : 0.00095	Tot. Loss: 0.46
2024-12-26 18:35:59,154 INFO Epoch 48 	 Batch 199	LR : 0.00095	Tot. Loss: 0.46
2024-12-26 18:36:23,925 INFO Epoch 48 	 Batch 299	LR : 0.00095	Tot. Loss: 0.46
2024-12-26 18:36:39,138 INFO ################## 
 ---> Validation Epoch 48	Acc.: 20.320	FPR: 91.667	AUROC: 58.064	AUPR: 83.274	AURC: 732.914	EAURC: 259.926	AUPR Succ.: 29.652	ECE: 48.536	NLL: 61.364	Brier: 121.240
2024-12-26 18:36:39,139 INFO ####### --- Training Epoch 49 --- #######
2024-12-26 18:37:04,125 INFO Epoch 49 	 Batch 99	LR : 0.00095	Tot. Loss: 0.46
2024-12-26 18:37:28,925 INFO Epoch 49 	 Batch 199	LR : 0.00095	Tot. Loss: 0.46
2024-12-26 18:37:53,676 INFO Epoch 49 	 Batch 299	LR : 0.00095	Tot. Loss: 0.46
2024-12-26 18:38:09,042 INFO ################## 
 ---> Validation Epoch 49	Acc.: 20.020	FPR: 88.447	AUROC: 61.798	AUPR: 85.770	AURC: 722.013	EAURC: 244.222	AUPR Succ.: 31.365	ECE: 47.792	NLL: 56.533	Brier: 118.959
2024-12-26 18:38:09,044 INFO ####### --- Training Epoch 50 --- #######
2024-12-26 18:38:34,084 INFO Epoch 50 	 Batch 99	LR : 0.00095	Tot. Loss: 0.46
2024-12-26 18:38:58,853 INFO Epoch 50 	 Batch 199	LR : 0.00095	Tot. Loss: 0.46
2024-12-26 18:39:23,647 INFO Epoch 50 	 Batch 299	LR : 0.00095	Tot. Loss: 0.46
2024-12-26 18:39:39,132 INFO ################## 
 ---> Validation Epoch 50	Acc.: 20.800	FPR: 90.076	AUROC: 61.579	AUPR: 84.543	AURC: 711.777	EAURC: 246.382	AUPR Succ.: 32.453	ECE: 47.326	NLL: 53.636	Brier: 118.079
2024-12-26 18:39:39,133 INFO ####### --- Training Epoch 51 --- #######
2024-12-26 18:40:04,085 INFO Epoch 51 	 Batch 99	LR : 0.00095	Tot. Loss: 0.46
2024-12-26 18:40:28,840 INFO Epoch 51 	 Batch 199	LR : 0.00095	Tot. Loss: 0.46
2024-12-26 18:40:53,626 INFO Epoch 51 	 Batch 299	LR : 0.00095	Tot. Loss: 0.46
2024-12-26 18:41:05,582 INFO ################## 
 ---> Validation Epoch 51	Acc.: 19.180	FPR: 90.720	AUROC: 56.943	AUPR: 83.967	AURC: 747.757	EAURC: 256.277	AUPR Succ.: 28.479	ECE: 51.795	NLL: 61.482	Brier: 124.706
2024-12-26 18:41:05,584 INFO ####### --- Training Epoch 52 --- #######
2024-12-26 18:41:24,102 INFO Epoch 52 	 Batch 99	LR : 0.00094	Tot. Loss: 0.46
2024-12-26 18:41:48,859 INFO Epoch 52 	 Batch 199	LR : 0.00094	Tot. Loss: 0.46
2024-12-26 18:42:13,621 INFO Epoch 52 	 Batch 299	LR : 0.00094	Tot. Loss: 0.46
2024-12-26 18:42:28,955 INFO ################## 
 ---> Validation Epoch 52	Acc.: 21.340	FPR: 92.372	AUROC: 56.884	AUPR: 81.959	AURC: 727.062	EAURC: 270.077	AUPR Succ.: 29.922	ECE: 50.051	NLL: 59.690	Brier: 122.270
2024-12-26 18:42:28,956 INFO ####### --- Training Epoch 53 --- #######
2024-12-26 18:42:53,865 INFO Epoch 53 	 Batch 99	LR : 0.00094	Tot. Loss: 0.46
2024-12-26 18:43:18,643 INFO Epoch 53 	 Batch 199	LR : 0.00094	Tot. Loss: 0.46
2024-12-26 18:43:43,405 INFO Epoch 53 	 Batch 299	LR : 0.00094	Tot. Loss: 0.46
2024-12-26 18:43:58,829 INFO ################## 
 ---> Validation Epoch 53	Acc.: 19.920	FPR: 89.236	AUROC: 60.022	AUPR: 84.882	AURC: 729.896	EAURC: 250.495	AUPR Succ.: 30.263	ECE: 48.270	NLL: 60.882	Brier: 120.302
2024-12-26 18:43:58,831 INFO ####### --- Training Epoch 54 --- #######
2024-12-26 18:44:23,878 INFO Epoch 54 	 Batch 99	LR : 0.00094	Tot. Loss: 0.46
2024-12-26 18:44:48,600 INFO Epoch 54 	 Batch 199	LR : 0.00094	Tot. Loss: 0.46
2024-12-26 18:45:13,395 INFO Epoch 54 	 Batch 299	LR : 0.00094	Tot. Loss: 0.46
2024-12-26 18:45:28,732 INFO ################## 
 ---> Validation Epoch 54	Acc.: 19.360	FPR: 92.411	AUROC: 56.254	AUPR: 83.238	AURC: 748.881	EAURC: 260.365	AUPR Succ.: 28.094	ECE: 51.515	NLL: 59.740	Brier: 124.318
2024-12-26 18:45:28,734 INFO ####### --- Training Epoch 55 --- #######
2024-12-26 18:45:53,756 INFO Epoch 55 	 Batch 99	LR : 0.00094	Tot. Loss: 0.46
2024-12-26 18:46:18,513 INFO Epoch 55 	 Batch 199	LR : 0.00094	Tot. Loss: 0.46
2024-12-26 18:46:43,275 INFO Epoch 55 	 Batch 299	LR : 0.00094	Tot. Loss: 0.46
2024-12-26 18:46:58,614 INFO ################## 
 ---> Validation Epoch 55	Acc.: 20.780	FPR: 91.240	AUROC: 56.705	AUPR: 82.466	AURC: 738.657	EAURC: 272.948	AUPR Succ.: 28.112	ECE: 49.550	NLL: 59.132	Brier: 121.639
2024-12-26 18:46:58,616 INFO ####### --- Training Epoch 56 --- #######
2024-12-26 18:47:15,916 INFO Epoch 56 	 Batch 99	LR : 0.00093	Tot. Loss: 0.46
2024-12-26 18:47:39,527 INFO Epoch 56 	 Batch 199	LR : 0.00093	Tot. Loss: 0.46
2024-12-26 18:48:04,290 INFO Epoch 56 	 Batch 299	LR : 0.00093	Tot. Loss: 0.46
2024-12-26 18:48:19,534 INFO ################## 
 ---> Validation Epoch 56	Acc.: 18.060	FPR: 95.411	AUROC: 54.531	AUPR: 83.158	AURC: 768.546	EAURC: 258.238	AUPR Succ.: 26.059	ECE: 55.282	NLL: 65.888	Brier: 129.415
2024-12-26 18:48:19,535 INFO ####### --- Training Epoch 57 --- #######
2024-12-26 18:48:44,495 INFO Epoch 57 	 Batch 99	LR : 0.00093	Tot. Loss: 0.46
2024-12-26 18:49:09,249 INFO Epoch 57 	 Batch 199	LR : 0.00093	Tot. Loss: 0.46
2024-12-26 18:49:33,996 INFO Epoch 57 	 Batch 299	LR : 0.00093	Tot. Loss: 0.46
2024-12-26 18:49:49,320 INFO ################## 
 ---> Validation Epoch 57	Acc.: 18.860	FPR: 90.979	AUROC: 57.748	AUPR: 84.502	AURC: 749.570	EAURC: 252.779	AUPR Succ.: 28.084	ECE: 52.397	NLL: 64.090	Brier: 125.702
2024-12-26 18:49:49,321 INFO ####### --- Training Epoch 58 --- #######
2024-12-26 18:50:14,329 INFO Epoch 58 	 Batch 99	LR : 0.00093	Tot. Loss: 0.46
2024-12-26 18:50:39,107 INFO Epoch 58 	 Batch 199	LR : 0.00093	Tot. Loss: 0.46
2024-12-26 18:51:03,859 INFO Epoch 58 	 Batch 299	LR : 0.00093	Tot. Loss: 0.46
2024-12-26 18:51:19,192 INFO ################## 
 ---> Validation Epoch 58	Acc.: 19.180	FPR: 91.487	AUROC: 59.149	AUPR: 84.805	AURC: 742.405	EAURC: 250.925	AUPR Succ.: 28.795	ECE: 51.727	NLL: 60.604	Brier: 123.556
2024-12-26 18:51:19,194 INFO ####### --- Training Epoch 59 --- #######
2024-12-26 18:51:44,094 INFO Epoch 59 	 Batch 99	LR : 0.00093	Tot. Loss: 0.46
2024-12-26 18:52:08,858 INFO Epoch 59 	 Batch 199	LR : 0.00093	Tot. Loss: 0.46
2024-12-26 18:52:33,607 INFO Epoch 59 	 Batch 299	LR : 0.00093	Tot. Loss: 0.46
2024-12-26 18:52:49,051 INFO ################## 
 ---> Validation Epoch 59	Acc.: 17.940	FPR: 93.273	AUROC: 57.932	AUPR: 84.979	AURC: 755.840	EAURC: 243.473	AUPR Succ.: 28.019	ECE: 55.230	NLL: 62.436	Brier: 128.325
2024-12-26 18:52:49,053 INFO ####### --- Training Epoch 60 --- #######
2024-12-26 18:53:13,618 INFO Epoch 60 	 Batch 99	LR : 0.00092	Tot. Loss: 0.46
2024-12-26 18:53:28,709 INFO Epoch 60 	 Batch 199	LR : 0.00092	Tot. Loss: 0.46
2024-12-26 18:53:53,455 INFO Epoch 60 	 Batch 299	LR : 0.00092	Tot. Loss: 0.46
2024-12-26 18:54:08,729 INFO ################## 
 ---> Validation Epoch 60	Acc.: 17.680	FPR: 93.052	AUROC: 57.725	AUPR: 84.928	AURC: 760.513	EAURC: 243.661	AUPR Succ.: 27.367	ECE: 54.533	NLL: 64.810	Brier: 127.878
2024-12-26 18:54:08,730 INFO ####### --- Training Epoch 61 --- #######
2024-12-26 18:54:33,755 INFO Epoch 61 	 Batch 99	LR : 0.00092	Tot. Loss: 0.46
2024-12-26 18:54:58,435 INFO Epoch 61 	 Batch 199	LR : 0.00092	Tot. Loss: 0.46
2024-12-26 18:55:23,196 INFO Epoch 61 	 Batch 299	LR : 0.00092	Tot. Loss: 0.46
2024-12-26 18:55:38,479 INFO ################## 
 ---> Validation Epoch 61	Acc.: 18.100	FPR: 91.624	AUROC: 57.927	AUPR: 84.875	AURC: 751.007	EAURC: 241.383	AUPR Succ.: 29.068	ECE: 53.219	NLL: 64.320	Brier: 126.413
2024-12-26 18:55:38,480 INFO ####### --- Training Epoch 62 --- #######
2024-12-26 18:56:03,402 INFO Epoch 62 	 Batch 99	LR : 0.00092	Tot. Loss: 0.46
2024-12-26 18:56:28,175 INFO Epoch 62 	 Batch 199	LR : 0.00092	Tot. Loss: 0.46
2024-12-26 18:56:52,936 INFO Epoch 62 	 Batch 299	LR : 0.00092	Tot. Loss: 0.46
2024-12-26 18:57:08,239 INFO ################## 
 ---> Validation Epoch 62	Acc.: 17.360	FPR: 94.071	AUROC: 59.708	AUPR: 85.938	AURC: 751.355	EAURC: 228.929	AUPR Succ.: 29.713	ECE: 54.851	NLL: 64.194	Brier: 127.820
2024-12-26 18:57:08,240 INFO ####### --- Training Epoch 63 --- #######
2024-12-26 18:57:33,149 INFO Epoch 63 	 Batch 99	LR : 0.00091	Tot. Loss: 0.46
2024-12-26 18:57:57,987 INFO Epoch 63 	 Batch 199	LR : 0.00091	Tot. Loss: 0.46
2024-12-26 18:58:22,653 INFO Epoch 63 	 Batch 299	LR : 0.00091	Tot. Loss: 0.46
2024-12-26 18:58:38,001 INFO ################## 
 ---> Validation Epoch 63	Acc.: 20.480	FPR: 90.166	AUROC: 60.204	AUPR: 84.421	AURC: 720.625	EAURC: 250.181	AUPR Succ.: 31.370	ECE: 48.449	NLL: 56.639	Brier: 119.289
2024-12-26 18:58:38,002 INFO ####### --- Training Epoch 64 --- #######
2024-12-26 18:59:03,020 INFO Epoch 64 	 Batch 99	LR : 0.00091	Tot. Loss: 0.46
2024-12-26 18:59:24,182 INFO Epoch 64 	 Batch 199	LR : 0.00091	Tot. Loss: 0.46
2024-12-26 18:59:43,453 INFO Epoch 64 	 Batch 299	LR : 0.00091	Tot. Loss: 0.46
2024-12-26 18:59:58,897 INFO ################## 
 ---> Validation Epoch 64	Acc.: 20.460	FPR: 89.565	AUROC: 61.106	AUPR: 84.692	AURC: 717.582	EAURC: 246.821	AUPR Succ.: 31.696	ECE: 46.919	NLL: 56.796	Brier: 117.697
2024-12-26 18:59:58,899 INFO ####### --- Training Epoch 65 --- #######
2024-12-26 19:00:23,894 INFO Epoch 65 	 Batch 99	LR : 0.00091	Tot. Loss: 0.46
2024-12-26 19:00:48,761 INFO Epoch 65 	 Batch 199	LR : 0.00091	Tot. Loss: 0.46
2024-12-26 19:01:13,427 INFO Epoch 65 	 Batch 299	LR : 0.00091	Tot. Loss: 0.46
2024-12-26 19:01:28,740 INFO ################## 
 ---> Validation Epoch 65	Acc.: 19.620	FPR: 92.983	AUROC: 60.904	AUPR: 84.825	AURC: 724.148	EAURC: 239.883	AUPR Succ.: 31.734	ECE: 48.134	NLL: 62.423	Brier: 119.657
2024-12-26 19:01:28,743 INFO ####### --- Training Epoch 66 --- #######
2024-12-26 19:01:53,784 INFO Epoch 66 	 Batch 99	LR : 0.00091	Tot. Loss: 0.46
2024-12-26 19:02:18,550 INFO Epoch 66 	 Batch 199	LR : 0.00091	Tot. Loss: 0.46
2024-12-26 19:02:43,339 INFO Epoch 66 	 Batch 299	LR : 0.00091	Tot. Loss: 0.46
2024-12-26 19:02:58,619 INFO ################## 
 ---> Validation Epoch 66	Acc.: 18.640	FPR: 91.544	AUROC: 60.770	AUPR: 85.541	AURC: 736.714	EAURC: 236.240	AUPR Succ.: 30.457	ECE: 50.705	NLL: 59.924	Brier: 122.436
2024-12-26 19:02:58,621 INFO ####### --- Training Epoch 67 --- #######
2024-12-26 19:03:23,681 INFO Epoch 67 	 Batch 99	LR : 0.00090	Tot. Loss: 0.46
2024-12-26 19:03:48,424 INFO Epoch 67 	 Batch 199	LR : 0.00090	Tot. Loss: 0.46
2024-12-26 19:04:13,195 INFO Epoch 67 	 Batch 299	LR : 0.00090	Tot. Loss: 0.46
2024-12-26 19:04:28,560 INFO ################## 
 ---> Validation Epoch 67	Acc.: 20.700	FPR: 91.122	AUROC: 61.668	AUPR: 84.873	AURC: 710.488	EAURC: 243.520	AUPR Succ.: 32.819	ECE: 47.199	NLL: 55.767	Brier: 117.508
2024-12-26 19:04:28,562 INFO ####### --- Training Epoch 68 --- #######
2024-12-26 19:04:53,641 INFO Epoch 68 	 Batch 99	LR : 0.00090	Tot. Loss: 0.46
2024-12-26 19:05:18,396 INFO Epoch 68 	 Batch 199	LR : 0.00090	Tot. Loss: 0.46
2024-12-26 19:05:34,841 INFO Epoch 68 	 Batch 299	LR : 0.00090	Tot. Loss: 0.46
2024-12-26 19:05:48,438 INFO ################## 
 ---> Validation Epoch 68	Acc.: 19.300	FPR: 93.408	AUROC: 58.277	AUPR: 83.731	AURC: 737.477	EAURC: 247.975	AUPR Succ.: 29.976	ECE: 51.816	NLL: 63.977	Brier: 124.303
2024-12-26 19:05:48,439 INFO ####### --- Training Epoch 69 --- #######
2024-12-26 19:06:13,395 INFO Epoch 69 	 Batch 99	LR : 0.00090	Tot. Loss: 0.46
2024-12-26 19:06:38,146 INFO Epoch 69 	 Batch 199	LR : 0.00090	Tot. Loss: 0.46
2024-12-26 19:07:02,902 INFO Epoch 69 	 Batch 299	LR : 0.00090	Tot. Loss: 0.46
2024-12-26 19:07:18,224 INFO ################## 
 ---> Validation Epoch 69	Acc.: 21.800	FPR: 89.463	AUROC: 61.851	AUPR: 83.517	AURC: 692.996	EAURC: 243.067	AUPR Succ.: 34.962	ECE: 46.333	NLL: 55.832	Brier: 116.315
2024-12-26 19:07:18,226 INFO ####### --- Training Epoch 70 --- #######
2024-12-26 19:07:43,221 INFO Epoch 70 	 Batch 99	LR : 0.00089	Tot. Loss: 0.46
2024-12-26 19:08:07,959 INFO Epoch 70 	 Batch 199	LR : 0.00089	Tot. Loss: 0.46
2024-12-26 19:08:32,747 INFO Epoch 70 	 Batch 299	LR : 0.00089	Tot. Loss: 0.46
2024-12-26 19:08:48,137 INFO ################## 
 ---> Validation Epoch 70	Acc.: 17.240	FPR: 92.388	AUROC: 58.830	AUPR: 85.858	AURC: 760.065	EAURC: 235.533	AUPR Succ.: 27.922	ECE: 56.059	NLL: 69.556	Brier: 129.534
2024-12-26 19:08:48,139 INFO ####### --- Training Epoch 71 --- #######
2024-12-26 19:09:13,210 INFO Epoch 71 	 Batch 99	LR : 0.00089	Tot. Loss: 0.46
2024-12-26 19:09:37,940 INFO Epoch 71 	 Batch 199	LR : 0.00089	Tot. Loss: 0.46
2024-12-26 19:10:02,695 INFO Epoch 71 	 Batch 299	LR : 0.00089	Tot. Loss: 0.46
2024-12-26 19:10:18,049 INFO ################## 
 ---> Validation Epoch 71	Acc.: 18.480	FPR: 89.450	AUROC: 60.327	AUPR: 85.919	AURC: 742.763	EAURC: 239.594	AUPR Succ.: 29.369	ECE: 51.515	NLL: 64.605	Brier: 123.425
2024-12-26 19:10:18,051 INFO ####### --- Training Epoch 72 --- #######
2024-12-26 19:10:43,034 INFO Epoch 72 	 Batch 99	LR : 0.00089	Tot. Loss: 0.46
2024-12-26 19:11:07,780 INFO Epoch 72 	 Batch 199	LR : 0.00089	Tot. Loss: 0.46
2024-12-26 19:11:32,459 INFO Epoch 72 	 Batch 299	LR : 0.00089	Tot. Loss: 0.46
2024-12-26 19:11:40,014 INFO ################## 
 ---> Validation Epoch 72	Acc.: 19.240	FPR: 89.797	AUROC: 60.713	AUPR: 85.461	AURC: 731.473	EAURC: 240.983	AUPR Succ.: 30.648	ECE: 50.975	NLL: 60.522	Brier: 122.191
2024-12-26 19:11:40,015 INFO ####### --- Training Epoch 73 --- #######
2024-12-26 19:12:04,060 INFO Epoch 73 	 Batch 99	LR : 0.00088	Tot. Loss: 0.46
2024-12-26 19:12:28,809 INFO Epoch 73 	 Batch 199	LR : 0.00088	Tot. Loss: 0.46
2024-12-26 19:12:53,577 INFO Epoch 73 	 Batch 299	LR : 0.00088	Tot. Loss: 0.46
2024-12-26 19:13:09,015 INFO ################## 
 ---> Validation Epoch 73	Acc.: 19.640	FPR: 87.432	AUROC: 60.919	AUPR: 85.623	AURC: 727.942	EAURC: 244.003	AUPR Succ.: 30.699	ECE: 48.866	NLL: 63.753	Brier: 120.361
2024-12-26 19:13:09,017 INFO ####### --- Training Epoch 74 --- #######
2024-12-26 19:13:34,045 INFO Epoch 74 	 Batch 99	LR : 0.00088	Tot. Loss: 0.46
2024-12-26 19:13:58,784 INFO Epoch 74 	 Batch 199	LR : 0.00088	Tot. Loss: 0.46
2024-12-26 19:14:23,551 INFO Epoch 74 	 Batch 299	LR : 0.00088	Tot. Loss: 0.46
2024-12-26 19:14:38,852 INFO ################## 
 ---> Validation Epoch 74	Acc.: 19.300	FPR: 91.004	AUROC: 60.543	AUPR: 85.164	AURC: 732.500	EAURC: 242.998	AUPR Succ.: 30.274	ECE: 51.146	NLL: 64.194	Brier: 123.060
2024-12-26 19:14:38,854 INFO ####### --- Training Epoch 75 --- #######
2024-12-26 19:15:03,908 INFO Epoch 75 	 Batch 99	LR : 0.00088	Tot. Loss: 0.46
2024-12-26 19:15:28,660 INFO Epoch 75 	 Batch 199	LR : 0.00088	Tot. Loss: 0.46
2024-12-26 19:15:53,449 INFO Epoch 75 	 Batch 299	LR : 0.00088	Tot. Loss: 0.46
2024-12-26 19:16:08,836 INFO ################## 
 ---> Validation Epoch 75	Acc.: 19.800	FPR: 90.823	AUROC: 60.397	AUPR: 84.689	AURC: 727.500	EAURC: 246.159	AUPR Succ.: 30.609	ECE: 50.215	NLL: 57.648	Brier: 121.319
2024-12-26 19:16:08,837 INFO ####### --- Training Epoch 76 --- #######
2024-12-26 19:16:33,830 INFO Epoch 76 	 Batch 99	LR : 0.00087	Tot. Loss: 0.46
2024-12-26 19:16:58,590 INFO Epoch 76 	 Batch 199	LR : 0.00087	Tot. Loss: 0.46
2024-12-26 19:17:23,377 INFO Epoch 76 	 Batch 299	LR : 0.00087	Tot. Loss: 0.46
2024-12-26 19:17:38,284 INFO ################## 
 ---> Validation Epoch 76	Acc.: 19.400	FPR: 91.538	AUROC: 59.859	AUPR: 84.812	AURC: 736.657	EAURC: 248.797	AUPR Succ.: 29.349	ECE: 51.057	NLL: 63.203	Brier: 122.643
2024-12-26 19:17:38,285 INFO ####### --- Training Epoch 77 --- #######
2024-12-26 19:17:54,622 INFO Epoch 77 	 Batch 99	LR : 0.00087	Tot. Loss: 0.46
2024-12-26 19:18:19,388 INFO Epoch 77 	 Batch 199	LR : 0.00087	Tot. Loss: 0.46
2024-12-26 19:18:44,146 INFO Epoch 77 	 Batch 299	LR : 0.00087	Tot. Loss: 0.46
2024-12-26 19:18:59,459 INFO ################## 
 ---> Validation Epoch 77	Acc.: 20.780	FPR: 90.634	AUROC: 59.168	AUPR: 83.195	AURC: 723.789	EAURC: 258.080	AUPR Succ.: 30.414	ECE: 49.577	NLL: 59.699	Brier: 120.852
2024-12-26 19:18:59,460 INFO ####### --- Training Epoch 78 --- #######
2024-12-26 19:19:24,503 INFO Epoch 78 	 Batch 99	LR : 0.00087	Tot. Loss: 0.46
2024-12-26 19:19:49,272 INFO Epoch 78 	 Batch 199	LR : 0.00087	Tot. Loss: 0.46
2024-12-26 19:20:14,035 INFO Epoch 78 	 Batch 299	LR : 0.00087	Tot. Loss: 0.46
2024-12-26 19:20:29,393 INFO ################## 
 ---> Validation Epoch 78	Acc.: 19.020	FPR: 88.022	AUROC: 61.200	AUPR: 86.101	AURC: 734.435	EAURC: 240.306	AUPR Succ.: 30.071	ECE: 49.898	NLL: 63.560	Brier: 121.354
2024-12-26 19:20:29,394 INFO ####### --- Training Epoch 79 --- #######
2024-12-26 19:20:54,411 INFO Epoch 79 	 Batch 99	LR : 0.00086	Tot. Loss: 0.46
2024-12-26 19:21:19,197 INFO Epoch 79 	 Batch 199	LR : 0.00086	Tot. Loss: 0.46
2024-12-26 19:21:43,942 INFO Epoch 79 	 Batch 299	LR : 0.00086	Tot. Loss: 0.46
2024-12-26 19:21:59,445 INFO ################## 
 ---> Validation Epoch 79	Acc.: 18.340	FPR: 90.497	AUROC: 58.707	AUPR: 85.465	AURC: 753.003	EAURC: 247.465	AUPR Succ.: 27.790	ECE: 51.998	NLL: 65.503	Brier: 124.565
2024-12-26 19:21:59,446 INFO ####### --- Training Epoch 80 --- #######
2024-12-26 19:22:24,508 INFO Epoch 80 	 Batch 99	LR : 0.00086	Tot. Loss: 0.46
2024-12-26 19:22:49,239 INFO Epoch 80 	 Batch 199	LR : 0.00086	Tot. Loss: 0.46
2024-12-26 19:23:13,988 INFO Epoch 80 	 Batch 299	LR : 0.00086	Tot. Loss: 0.46
2024-12-26 19:23:29,339 INFO ################## 
 ---> Validation Epoch 80	Acc.: 18.960	FPR: 92.720	AUROC: 59.289	AUPR: 84.579	AURC: 741.821	EAURC: 246.695	AUPR Succ.: 29.099	ECE: 51.878	NLL: 64.506	Brier: 124.097
2024-12-26 19:23:29,341 INFO ####### --- Training Epoch 81 --- #######
2024-12-26 19:23:48,590 INFO Epoch 81 	 Batch 99	LR : 0.00086	Tot. Loss: 0.46
2024-12-26 19:24:10,379 INFO Epoch 81 	 Batch 199	LR : 0.00086	Tot. Loss: 0.46
2024-12-26 19:24:35,141 INFO Epoch 81 	 Batch 299	LR : 0.00086	Tot. Loss: 0.46
2024-12-26 19:24:50,669 INFO ################## 
 ---> Validation Epoch 81	Acc.: 17.500	FPR: 88.921	AUROC: 62.354	AUPR: 87.357	AURC: 751.369	EAURC: 231.388	AUPR Succ.: 28.201	ECE: 53.188	NLL: 63.965	Brier: 125.081
2024-12-26 19:24:50,670 INFO ####### --- Training Epoch 82 --- #######
2024-12-26 19:25:15,737 INFO Epoch 82 	 Batch 99	LR : 0.00085	Tot. Loss: 0.46
2024-12-26 19:25:40,514 INFO Epoch 82 	 Batch 199	LR : 0.00085	Tot. Loss: 0.46
2024-12-26 19:26:05,281 INFO Epoch 82 	 Batch 299	LR : 0.00085	Tot. Loss: 0.46
2024-12-26 19:26:20,611 INFO ################## 
 ---> Validation Epoch 82	Acc.: 18.340	FPR: 90.448	AUROC: 57.333	AUPR: 85.152	AURC: 762.927	EAURC: 257.389	AUPR Succ.: 25.917	ECE: 54.645	NLL: 69.791	Brier: 127.781
2024-12-26 19:26:20,612 INFO ####### --- Training Epoch 83 --- #######
2024-12-26 19:26:45,687 INFO Epoch 83 	 Batch 99	LR : 0.00085	Tot. Loss: 0.46
2024-12-26 19:27:10,532 INFO Epoch 83 	 Batch 199	LR : 0.00085	Tot. Loss: 0.46
2024-12-26 19:27:35,241 INFO Epoch 83 	 Batch 299	LR : 0.00085	Tot. Loss: 0.46
2024-12-26 19:27:50,643 INFO ################## 
 ---> Validation Epoch 83	Acc.: 18.280	FPR: 88.448	AUROC: 61.321	AUPR: 86.865	AURC: 744.601	EAURC: 238.044	AUPR Succ.: 28.910	ECE: 53.138	NLL: 63.785	Brier: 125.179
2024-12-26 19:27:50,644 INFO ####### --- Training Epoch 84 --- #######
2024-12-26 19:28:15,649 INFO Epoch 84 	 Batch 99	LR : 0.00084	Tot. Loss: 0.46
2024-12-26 19:28:40,431 INFO Epoch 84 	 Batch 199	LR : 0.00084	Tot. Loss: 0.46
2024-12-26 19:29:05,195 INFO Epoch 84 	 Batch 299	LR : 0.00084	Tot. Loss: 0.46
2024-12-26 19:29:20,481 INFO ################## 
 ---> Validation Epoch 84	Acc.: 19.100	FPR: 89.642	AUROC: 59.958	AUPR: 85.585	AURC: 740.803	EAURC: 248.000	AUPR Succ.: 28.847	ECE: 52.011	NLL: 62.635	Brier: 123.758
2024-12-26 19:29:20,483 INFO ####### --- Training Epoch 85 --- #######
2024-12-26 19:29:45,410 INFO Epoch 85 	 Batch 99	LR : 0.00084	Tot. Loss: 0.46
2024-12-26 19:30:00,191 INFO Epoch 85 	 Batch 199	LR : 0.00084	Tot. Loss: 0.46
2024-12-26 19:30:24,952 INFO Epoch 85 	 Batch 299	LR : 0.00084	Tot. Loss: 0.46
2024-12-26 19:30:40,207 INFO ################## 
 ---> Validation Epoch 85	Acc.: 17.760	FPR: 90.491	AUROC: 57.972	AUPR: 85.671	AURC: 762.746	EAURC: 247.278	AUPR Succ.: 26.556	ECE: 56.423	NLL: 69.748	Brier: 129.749
2024-12-26 19:30:40,208 INFO ####### --- Training Epoch 86 --- #######
2024-12-26 19:31:05,172 INFO Epoch 86 	 Batch 99	LR : 0.00084	Tot. Loss: 0.46
2024-12-26 19:31:29,944 INFO Epoch 86 	 Batch 199	LR : 0.00084	Tot. Loss: 0.46
2024-12-26 19:31:54,710 INFO Epoch 86 	 Batch 299	LR : 0.00084	Tot. Loss: 0.46
2024-12-26 19:32:10,056 INFO ################## 
 ---> Validation Epoch 86	Acc.: 18.900	FPR: 89.420	AUROC: 60.490	AUPR: 85.857	AURC: 741.465	EAURC: 245.340	AUPR Succ.: 28.774	ECE: 52.395	NLL: 66.914	Brier: 124.255
2024-12-26 19:32:10,057 INFO ####### --- Training Epoch 87 --- #######
2024-12-26 19:32:35,093 INFO Epoch 87 	 Batch 99	LR : 0.00083	Tot. Loss: 0.46
2024-12-26 19:32:59,854 INFO Epoch 87 	 Batch 199	LR : 0.00083	Tot. Loss: 0.46
2024-12-26 19:33:24,713 INFO Epoch 87 	 Batch 299	LR : 0.00083	Tot. Loss: 0.46
2024-12-26 19:33:40,070 INFO ################## 
 ---> Validation Epoch 87	Acc.: 18.580	FPR: 91.624	AUROC: 57.531	AUPR: 84.343	AURC: 756.296	EAURC: 254.813	AUPR Succ.: 26.959	ECE: 53.889	NLL: 67.490	Brier: 126.662
2024-12-26 19:33:40,071 INFO ####### --- Training Epoch 88 --- #######
2024-12-26 19:34:05,052 INFO Epoch 88 	 Batch 99	LR : 0.00083	Tot. Loss: 0.46
2024-12-26 19:34:29,809 INFO Epoch 88 	 Batch 199	LR : 0.00083	Tot. Loss: 0.46
2024-12-26 19:34:54,560 INFO Epoch 88 	 Batch 299	LR : 0.00083	Tot. Loss: 0.46
2024-12-26 19:35:09,824 INFO ################## 
 ---> Validation Epoch 88	Acc.: 17.120	FPR: 92.664	AUROC: 59.790	AUPR: 86.452	AURC: 760.282	EAURC: 233.637	AUPR Succ.: 27.711	ECE: 54.774	NLL: 68.798	Brier: 127.961
2024-12-26 19:35:09,825 INFO ####### --- Training Epoch 89 --- #######
2024-12-26 19:35:34,754 INFO Epoch 89 	 Batch 99	LR : 0.00082	Tot. Loss: 0.46
2024-12-26 19:35:57,062 INFO Epoch 89 	 Batch 199	LR : 0.00082	Tot. Loss: 0.46
2024-12-26 19:36:15,678 INFO Epoch 89 	 Batch 299	LR : 0.00082	Tot. Loss: 0.46
2024-12-26 19:36:31,018 INFO ################## 
 ---> Validation Epoch 89	Acc.: 19.040	FPR: 91.131	AUROC: 58.421	AUPR: 84.858	AURC: 747.142	EAURC: 253.344	AUPR Succ.: 28.066	ECE: 51.378	NLL: 68.103	Brier: 124.198
2024-12-26 19:36:31,019 INFO ####### --- Training Epoch 90 --- #######
2024-12-26 19:36:56,011 INFO Epoch 90 	 Batch 99	LR : 0.00082	Tot. Loss: 0.46
2024-12-26 19:37:20,766 INFO Epoch 90 	 Batch 199	LR : 0.00082	Tot. Loss: 0.46
2024-12-26 19:37:45,517 INFO Epoch 90 	 Batch 299	LR : 0.00082	Tot. Loss: 0.46
2024-12-26 19:38:00,876 INFO ################## 
 ---> Validation Epoch 90	Acc.: 18.220	FPR: 91.000	AUROC: 60.221	AUPR: 86.054	AURC: 746.828	EAURC: 239.251	AUPR Succ.: 28.842	ECE: 52.814	NLL: 67.868	Brier: 125.074
2024-12-26 19:38:00,877 INFO ####### --- Training Epoch 91 --- #######
2024-12-26 19:38:25,917 INFO Epoch 91 	 Batch 99	LR : 0.00082	Tot. Loss: 0.46
2024-12-26 19:38:50,735 INFO Epoch 91 	 Batch 199	LR : 0.00082	Tot. Loss: 0.46
2024-12-26 19:39:15,458 INFO Epoch 91 	 Batch 299	LR : 0.00082	Tot. Loss: 0.46
2024-12-26 19:39:30,693 INFO ################## 
 ---> Validation Epoch 91	Acc.: 17.560	FPR: 90.102	AUROC: 61.868	AUPR: 87.124	AURC: 751.614	EAURC: 232.679	AUPR Succ.: 28.099	ECE: 55.439	NLL: 68.517	Brier: 128.046
2024-12-26 19:39:30,694 INFO ####### --- Training Epoch 92 --- #######
2024-12-26 19:39:55,677 INFO Epoch 92 	 Batch 99	LR : 0.00081	Tot. Loss: 0.46
2024-12-26 19:40:20,504 INFO Epoch 92 	 Batch 199	LR : 0.00081	Tot. Loss: 0.46
2024-12-26 19:40:45,202 INFO Epoch 92 	 Batch 299	LR : 0.00081	Tot. Loss: 0.46
2024-12-26 19:41:00,433 INFO ################## 
 ---> Validation Epoch 92	Acc.: 17.580	FPR: 92.963	AUROC: 59.185	AUPR: 85.786	AURC: 755.495	EAURC: 236.908	AUPR Succ.: 28.322	ECE: 54.846	NLL: 69.428	Brier: 127.940
2024-12-26 19:41:00,434 INFO ####### --- Training Epoch 93 --- #######
2024-12-26 19:41:25,390 INFO Epoch 93 	 Batch 99	LR : 0.00081	Tot. Loss: 0.46
2024-12-26 19:41:50,180 INFO Epoch 93 	 Batch 199	LR : 0.00081	Tot. Loss: 0.46
2024-12-26 19:42:07,612 INFO Epoch 93 	 Batch 299	LR : 0.00081	Tot. Loss: 0.46
2024-12-26 19:42:20,107 INFO ################## 
 ---> Validation Epoch 93	Acc.: 17.080	FPR: 89.918	AUROC: 60.685	AUPR: 87.038	AURC: 757.023	EAURC: 229.671	AUPR Succ.: 28.292	ECE: 56.450	NLL: 71.927	Brier: 129.897
2024-12-26 19:42:20,109 INFO ####### --- Training Epoch 94 --- #######
2024-12-26 19:42:45,051 INFO Epoch 94 	 Batch 99	LR : 0.00080	Tot. Loss: 0.46
2024-12-26 19:43:09,755 INFO Epoch 94 	 Batch 199	LR : 0.00080	Tot. Loss: 0.46
2024-12-26 19:43:34,506 INFO Epoch 94 	 Batch 299	LR : 0.00080	Tot. Loss: 0.46
2024-12-26 19:43:49,733 INFO ################## 
 ---> Validation Epoch 94	Acc.: 17.900	FPR: 89.744	AUROC: 58.676	AUPR: 85.665	AURC: 756.259	EAURC: 243.206	AUPR Succ.: 27.804	ECE: 54.547	NLL: 70.676	Brier: 127.419
2024-12-26 19:43:49,734 INFO ####### --- Training Epoch 95 --- #######
2024-12-26 19:44:14,702 INFO Epoch 95 	 Batch 99	LR : 0.00080	Tot. Loss: 0.46
2024-12-26 19:44:39,456 INFO Epoch 95 	 Batch 199	LR : 0.00080	Tot. Loss: 0.46
2024-12-26 19:45:04,178 INFO Epoch 95 	 Batch 299	LR : 0.00080	Tot. Loss: 0.46
2024-12-26 19:45:19,392 INFO ################## 
 ---> Validation Epoch 95	Acc.: 16.540	FPR: 91.804	AUROC: 58.731	AUPR: 86.563	AURC: 768.007	EAURC: 231.026	AUPR Succ.: 27.317	ECE: 57.934	NLL: 73.417	Brier: 131.640
2024-12-26 19:45:19,394 INFO ####### --- Training Epoch 96 --- #######
2024-12-26 19:45:44,381 INFO Epoch 96 	 Batch 99	LR : 0.00080	Tot. Loss: 0.46
2024-12-26 19:46:09,111 INFO Epoch 96 	 Batch 199	LR : 0.00080	Tot. Loss: 0.46
2024-12-26 19:46:33,942 INFO Epoch 96 	 Batch 299	LR : 0.00080	Tot. Loss: 0.46
2024-12-26 19:46:49,181 INFO ################## 
 ---> Validation Epoch 96	Acc.: 17.580	FPR: 91.046	AUROC: 59.425	AUPR: 85.766	AURC: 756.367	EAURC: 237.780	AUPR Succ.: 27.900	ECE: 54.730	NLL: 70.251	Brier: 127.790
2024-12-26 19:46:49,183 INFO ####### --- Training Epoch 97 --- #######
2024-12-26 19:47:14,201 INFO Epoch 97 	 Batch 99	LR : 0.00079	Tot. Loss: 0.46
2024-12-26 19:47:38,947 INFO Epoch 97 	 Batch 199	LR : 0.00079	Tot. Loss: 0.46
2024-12-26 19:48:03,684 INFO Epoch 97 	 Batch 299	LR : 0.00079	Tot. Loss: 0.46
2024-12-26 19:48:12,660 INFO ################## 
 ---> Validation Epoch 97	Acc.: 17.160	FPR: 90.681	AUROC: 58.021	AUPR: 86.060	AURC: 767.783	EAURC: 241.843	AUPR Succ.: 26.463	ECE: 56.541	NLL: 69.540	Brier: 129.908
2024-12-26 19:48:12,661 INFO ####### --- Training Epoch 98 --- #######
2024-12-26 19:48:35,414 INFO Epoch 98 	 Batch 99	LR : 0.00079	Tot. Loss: 0.46
2024-12-26 19:49:00,170 INFO Epoch 98 	 Batch 199	LR : 0.00079	Tot. Loss: 0.46
2024-12-26 19:49:24,890 INFO Epoch 98 	 Batch 299	LR : 0.00079	Tot. Loss: 0.46
