2025-04-04 01:39:00,540 INFO {
    "attn_type": "kep_svgp",
    "backbone": "transformer",
    "batch_size": 32,
    "beta1": 0.9,
    "beta2": 0.999,
    "clip": 0,
    "dataset": "cola",
    "depth": 2,
    "ema_decay": 0.995,
    "emb_dim": 128,
    "eta_kl": 1.0,
    "eta_ksvd": 1.0,
    "gpu": "0",
    "hdim": 256,
    "ksvd_layers": 2,
    "lambda_ce": 1.0,
    "lambda_mean": 0,
    "lambda_var": 0,
    "low_rank": 5,
    "lr": 0.001,
    "max_len": 100,
    "min_lr": 1e-05,
    "min_word_count": 0,
    "mlp_dropout": 0.1,
    "mlp_gamma": 1.0,
    "mlp_hdim1": 64,
    "mlp_hdim2": 64,
    "mlp_hdim3": 64,
    "mlp_hdim4": 64,
    "model": "diffusion",
    "nb_epochs": 50,
    "nb_run": 1,
    "nb_worker": 4,
    "num_classes": 2,
    "num_heads": 4,
    "pretrained_dir": "./cola_out/vit_out_sum",
    "pretrained_seed": 0,
    "rank_multi": 2,
    "save_dir": "./cola_out/diffusion",
    "seed": 0,
    "start_ema_step": 50,
    "trans_depth": 1,
    "trans_dropout": 0.1,
    "trans_mlp_ratio": 1.0,
    "trans_num_heads": 4,
    "update_ema_interval": 5,
    "use_ema": true,
    "warmup_epoch": 5,
    "weight_decay": 5e-05
}
2025-04-04 01:39:00,638 INFO ####################################################################################################
1 / 1 Running
2025-04-04 01:39:14,289 INFO Using diffusion ...
2025-04-04 01:39:29,385 INFO Using q_distribution ...
